[scalaa.com/home/index.html]
[scalaa.com/projects/index.html]
[scalaa.com/about/index.html]
[scalaa.com/00_global/media/image/brand/favicon.png]
[scalaa.com/00_global/css/global.css]
[scalaa.com/media/index.html]
[scalaa.com/00_global/css/header.css]
[scalaa.com/00_global/css/footer.css]
[backblue.gif]
[fade.gif]
[index.html]
[scalaa.com/home/assets/css/section_1.css]
[scalaa.com/00_global/media/image/brand/scalaa_logo_horizontal.png]
[scalaa.com/home/index.html]
[scalaa.com/contact/index.html]
[scalaa.com/about/assets/css/styles.css]
[scalaa.com/about/assets/image/Photo.webp]
[scalaa.com/about/index.html]
[scalaa.com/projects/assets/css/layout.css]
[scalaa.com/00_global/css/project_card.css]
[scalaa.com/00_global/css/project_slider.css]
[scalaa.com/00_global/media/image/brand/scalaa_logo_horizontal_black.png]
[scalaa.com/projects/projectf1cb.html]
[scalaa.com/projects/project3df7.html]
[scalaa.com/projects/project56ca.html]
[scalaa.com/projects/project3382.html]
[scalaa.com/projects/project3739.html]
[scalaa.com/projects/project7132.html]
[scalaa.com/projects/projectd71c.html]
[scalaa.com/projects/project2f7d.html]
[scalaa.com/projects/index.html]
[scalaa.com/projects/projectf74a.html]
[scalaa.com/media/assets/css/styles.css]
[scalaa.com/media/assets/media/media_1.webp]
[scalaa.com/media/assets/media/media_2.MP4]
[scalaa.com/media/assets/media/media_3.webp]
[scalaa.com/media/assets/media/media_4.webp]
[scalaa.com/media/assets/media/media_5.webp]
[scalaa.com/media/assets/media/media_6.webp]
[scalaa.com/media/index.html]
[scalaa.com/contact/assets/css/section_11.css]
[scalaa.com/contact/index.html]
[scalaa.com/00_global/css/global.css]
[scalaa.com/00_global/css/header.css]
[scalaa.com/00_global/css/footer.css]
[scalaa.com/home/assets/image/modern_oasis_2.webp]
[scalaa.com/home/assets/css/section_1.css]
[scalaa.com/home/assets/image/home_background_mobile.webp]
[scalaa.com/about/assets/image/modern_oasis_6.webp]
[scalaa.com/about/assets/image/about_background_mobile.webp]
[scalaa.com/about/assets/css/styles.css]
[scalaa.com/projects/assets/css/layout.css]
[scalaa.com/00_global/css/project_card.css]
[scalaa.com/00_global/css/project_slider.css]
[scalaa.com/00_global/media/image/projects/left_arrow.png]
[scalaa.com/00_global/media/image/projects/right_arrow.png]
[scalaa.com/projects/projectf1cb.html]
[scalaa.com/projects/project3df7.html]
[scalaa.com/projects/project56ca.html]
[scalaa.com/projects/project3382.html]
[scalaa.com/projects/project3739.html]
[scalaa.com/projects/project7132.html]
[scalaa.com/projects/projectd71c.html]
[scalaa.com/projects/project2f7d.html]
[scalaa.com/projects/projectf74a.html]
[scalaa.com/media/assets/image/media_1.webp]
[scalaa.com/media/assets/image/media_2.MP4]
[scalaa.com/media/assets/image/media_3.webp]
[scalaa.com/media/assets/image/media_4.webp]
[scalaa.com/media/assets/image/media_5.webp]
[scalaa.com/media/assets/image/media_6.webp]
[scalaa.com/media/assets/css/styles.css]
[scalaa.com/00_global/css/media_card.css]
[scalaa.com/contact/assets/css/section_11.css]
[scalaa.com/media/assets/image/media_1.html]
[scalaa.com/media/assets/image/media_2.html]
[scalaa.com/media/assets/image/media_3.html]
[scalaa.com/media/assets/image/media_4.html]
[scalaa.com/media/assets/image/media_5.html]
[scalaa.com/media/assets/image/media_6.html]
